// Jest Snapshot v1, https://goo.gl/fbAQLP

exports[`Modal BaseModal renders 1`] = `
<Portal>
  <div
    className="sk-fade-in sk-fixed sk-inset-0  sked-modal-bg sk-flex sk-justify-center sk-font-sans"
    data-sk-name="sked-modal"
  >
    <div
      className="sk-slide-up sk-bg-white sk-text-sm sk-rounded-medium sk-absolute sked-modal-position-top sk-shadow-lg"
    >
      Some content
    </div>
  </div>
</Portal>
`;

exports[`Modal ConfirmationModal renders 1`] = `
<BaseModal>
  <div
    className="sk-pt-10 sk-px-6 sk-pb-6 sk-flex sk-flex-col sked-modal-small"
  >
    <div
      className="sk-flex-grow"
    >
      Some content
    </div>
    <div
      className="sk-text-right"
    >
      <ButtonGroup>
        <ForwardRef
          buttonType="transparent"
          data-sk-name="cancel-button"
          onClick={[Function]}
        >
          Cancel
        </ForwardRef>
        <ForwardRef
          buttonType="primary"
          data-sk-name="confirm-button"
          loading={false}
          onClick={[Function]}
        >
          Yes
        </ForwardRef>
      </ButtonGroup>
    </div>
  </div>
</BaseModal>
`;
