// Jest Snapshot v1, https://goo.gl/fbAQLP

exports[`Pill render 1`] = `
<div
  className="sk-px-3 sk-bg-navy-light sk-font-medium sk-text-xs sk-rounded-full sk-text-white sk-inline-flex sk-leading-loose sk-items-center"
>
  <Icon
    className="sk-text-white sk-mr-2"
    name="urgent"
    size={12}
  />
  <OverflowTooltip
    maxWidth={190}
    position="right"
  >
    Urgent
  </OverflowTooltip>
  <Icon
    className="sk-text-grey-light hover:sk-text-white sk-cursor-pointer sk-ml-2"
    data-sk-name="pill-close"
    name="remove"
    onClick={[MockFunction]}
    size={8}
  />
</div>
`;
