// Jest Snapshot v1, https://goo.gl/fbAQLP

exports[`EmptyState render 1`] = `
<div
  class="sk-text-center sk-leading-normal"
>
  <img
    class="sk-w-24"
    src="test.png"
  />
  <div
    class="sk-pt-5 sk-font-medium sk-text-base sk-text-navy-lighter"
  >
    Empty state title
  </div>
  <div
    class="sk-text-navy-lighter sk-font-normal sk-text-sm sk-mb-4"
  >
    Sub title
  </div>
</div>
`;
