// Jest Snapshot v1, https://goo.gl/fbAQLP

exports[`Condenser with child component 1`] = `
<div
  class="sked-infowindow__trigger sk-truncate"
  data-sk-name="sked-infowindow-trigger"
>
  <div
    class="sk-truncate"
    data-sk-name="children-container"
  >
    <p>
      child1
    </p>
    <p>
      child2
    </p>
  </div>
</div>
`;
