// Jest Snapshot v1, https://goo.gl/fbAQLP

exports[`InlineTabSubmenu renders 1`] = `
<ul
  class="sk-list-none menu-min-width sk-cursor-pointer sk-text-sm sk-text-navy sk-font-normal sk-bg-white sk-max-w-xs sk-mt-1 sk-py-1 sk-border sk-border-solid sk-border-grey-lighter sk-shadow sk-rounded-medium"
>
  <li
    class="sk-py-2 hover:sk-bg-grey-lightest sk-px-3 sk-break-words sk-text-navy sk-font-semibold"
  >
    Hello
  </li>
  <li
    class="sk-py-2 hover:sk-bg-grey-lightest sk-px-3 sk-break-words"
  >
    World
    <div
      class="sk-w-5 sk-h-5 sk-rounded-full sk-bg-blue-lightest sk-inline-block sk-ml-1"
    >
      <p
        class="sk-text-blue-600 sk-font-semibold sk-text-xxs sk-m-0 sk-flex sk-justify-center sk-items-center sk-h-full"
      >
        2
      </p>
    </div>
  </li>
</ul>
`;
